// Jest Snapshot v1, https://goo.gl/fbAQLP

exports[`App is rendered correctly 1`] = `
<li
  className="locations__item"
>
  <a
    className="locations__item-link tabs__item tabs__item--active"
    href="#"
    onClick={[Function]}
  >
    <span>
      Chelyaba
    </span>
  </a>
</li>
`;

exports[`App renders correctly 1`] = `
<li
  className="locations__item"
>
  <a
    className="locations__item-link tabs__item tabs__item--active"
    href="#"
    onClick={[Function]}
  >
    <span>
      Chelyaba
    </span>
  </a>
</li>
`;
